[themewagon.github.io/haircut/open.html]
[backblue.gif]
[fade.gif]
[index.html]
[themewagon.github.io/haircut/img/favicon.ico]
[cdnjs.cloudflare.com/ajax/libs/font-awesome/5.10.0/css/all.min.css]
[cdn.jsdelivr.net/npm/bootstrap-icons@1.4.1/font/bootstrap-icons.css]
[themewagon.github.io/haircut/lib/animate/animate.min.css]
[themewagon.github.io/haircut/lib/owlcarousel/assets/owl.carousel.min.css]
[themewagon.github.io/haircut/css/bootstrap.min.css]
[themewagon.github.io/haircut/css/style.css]
[themewagon.github.io/haircut/index.html]
[themewagon.github.io/haircut/about.html]
[themewagon.github.io/haircut/service.html]
[themewagon.github.io/haircut/price.html]
[themewagon.github.io/haircut/team.html]
[themewagon.github.io/haircut/testimonial.html]
[themewagon.github.io/haircut/404.html]
[themewagon.github.io/haircut/contact.html]
[themewagon.github.io/haircut/img/open.jpg]
[code.jquery.com/jquery-3.4.1.min.js]
[cdn.jsdelivr.net/npm/bootstrap@5.0.0/dist/js/bootstrap.bundle.min.js]
[themewagon.github.io/haircut/lib/wow/wow.min.js]
[themewagon.github.io/haircut/lib/easing/easing.min.js]
[themewagon.github.io/haircut/lib/waypoints/waypoints.min.js]
[themewagon.github.io/haircut/lib/owlcarousel/owl.carousel.min.js]
[themewagon.github.io/haircut/js/main.js]
[themewagon.github.io/haircut/open.html]
[themewagon.github.io/haircut/img/favicon.html]
[cdnjs.cloudflare.com/ajax/libs/font-awesome/5.10.0/css/all.min.css]
[cdn.jsdelivr.net/npm/bootstrap-icons@1.4.1/font/fonts/bootstrap-iconsfb95.woff2]
[cdn.jsdelivr.net/npm/bootstrap-icons@1.4.1/font/fonts/bootstrap-iconsfb95.woff]
[cdn.jsdelivr.net/npm/bootstrap-icons@1.4.1/font/bootstrap-icons.css]
[themewagon.github.io/haircut/lib/animate/animate.min.css]
[themewagon.github.io/haircut/lib/owlcarousel/assets/owl.video.play.png]
[themewagon.github.io/haircut/lib/owlcarousel/assets/owl.carousel.min.css]
[themewagon.github.io/haircut/css/bootstrap.min.css]
[themewagon.github.io/haircut/img/carousel-1.jpg]
[themewagon.github.io/haircut/css/style.css]
[themewagon.github.io/haircut/img/carousel-2.jpg]
[themewagon.github.io/haircut/img/about.jpg]
[themewagon.github.io/haircut/img/haircut.png]
[themewagon.github.io/haircut/img/beard-trim.png]
[themewagon.github.io/haircut/img/mans-shave.png]
[themewagon.github.io/haircut/img/hair-dyeing.png]
[themewagon.github.io/haircut/img/mustache.png]
[themewagon.github.io/haircut/img/stacking.png]
[themewagon.github.io/haircut/img/price.jpg]
[themewagon.github.io/haircut/img/team-1.jpg]
[themewagon.github.io/haircut/img/team-2.jpg]
[themewagon.github.io/haircut/img/team-3.jpg]
[themewagon.github.io/haircut/img/team-4.jpg]
[themewagon.github.io/haircut/img/testimonial-1.jpg]
[themewagon.github.io/haircut/img/testimonial-2.jpg]
[themewagon.github.io/haircut/img/testimonial-3.jpg]
[themewagon.github.io/haircut/index.html]
[themewagon.github.io/haircut/about.html]
[themewagon.github.io/haircut/service.html]
[themewagon.github.io/haircut/price.html]
[themewagon.github.io/haircut/team.html]
[themewagon.github.io/haircut/testimonial.html]
[themewagon.github.io/haircut/404.html]
[themewagon.github.io/haircut/contact.html]
